HumMod / Pneumothorax.REF

Created : 2010-05-18
Last Modified : 2010-05-18
Author : Tom Coleman
Copyright : 2010-2010
By : University Of Mississippi Medical Center

Notes from Emergency Medicine by Tintinalli.

Spontaneous Pneumothorax =======================================

The worst cases have underlying lung disease, COPD and/or are
smokers.

Five % have tachynea of more than 24 breaths / minute or
tachycardia of more that 120 beats /minute


End