HumMod / Pericardium.REF

Created : 2010-05-24
Last Modified : 2010-05-24
Author : Tom Coleman
Copyright : 2010-2010
By : University Of Mississippi Medical Center

The pericardium encloses the following volumes

# Right Heart Tissue
# Right Atrial Blood
# Right Ventricular Blood

# Left Heart Tissue
# Left Atrial Blood
# Left Ventricular Blood

# Pericardial Cavity Volume


Pericardium-Cavity.Vol




End
